{"key":"[LCONTROL]","timestamp":"2025-06-19T04:42:30India Standard Time","window":"main.cpp - Keylogger - Cursor"}
{"key":"[LCONTROL]","timestamp":"2025-06-19T04:42:31India Standard Time","window":"main.cpp - Keylogger - Cursor"}
{"key":"[LCONTROL]","timestamp":"2025-06-19T04:42:31India Standard Time","window":"main.cpp - Keylogger - Cursor"}
{"key":"[LCONTROL]","timestamp":"2025-06-19T04:42:31India Standard Time","window":"main.cpp - Keylogger - Cursor"}
{"key":"[LCONTROL]","timestamp":"2025-06-19T04:42:31India Standard Time","window":"main.cpp - Keylogger - Cursor"}
{"key":"[LCONTROL]","timestamp":"2025-06-19T04:42:31India Standard Time","window":"main.cpp - Keylogger - Cursor"}
{"key":"[LCONTROL]","timestamp":"2025-06-19T04:42:31India Standard Time","window":"main.cpp - Keylogger - Cursor"}
{"key":"c","timestamp":"2025-06-19T04:42:31India Standard Time","window":"main.cpp - Keylogger - Cursor"}
{"key":"[LCONTROL]","timestamp":"2025-06-19T04:42:32India Standard Time","window":"main.cpp - Keylogger - Cursor"}
{"key":"\u0000","timestamp":"2025-06-19T04:42:33India Standard Time","window":"main.cpp - Keylogger - Cursor"}
{"key":"\u0000","timestamp":"2025-06-19T04:42:33India Standard Time","window":"main.cpp - Keylogger - Cursor"}
{"key":"a","timestamp":"2025-06-19T04:42:38India Standard Time","window":"keylogger.log - Keylogger - Cursor"}
{"key":"s","timestamp":"2025-06-19T04:42:38India Standard Time","window":"keylogger.log - Keylogger - Cursor"}
{"key":"d","timestamp":"2025-06-19T04:42:38India Standard Time","window":"keylogger.log - Keylogger - Cursor"}
{"key":"a","timestamp":"2025-06-19T04:42:39India Standard Time","window":"keylogger.log - Keylogger - Cursor"}
{"key":"s","timestamp":"2025-06-19T04:42:39India Standard Time","window":"keylogger.log - Keylogger - Cursor"}
{"key":"d","timestamp":"2025-06-19T04:42:39India Standard Time","window":"keylogger.log - Keylogger - Cursor"}
{"key":"a","timestamp":"2025-06-19T04:42:39India Standard Time","window":"keylogger.log - Keylogger - Cursor"}
{"key":"s","timestamp":"2025-06-19T04:42:39India Standard Time","window":"keylogger.log - Keylogger - Cursor"}
{"key":"d","timestamp":"2025-06-19T04:42:39India Standard Time","window":"keylogger.log - Keylogger - Cursor"}
{"key":"a","timestamp":"2025-06-19T04:42:39India Standard Time","window":"keylogger.log - Keylogger - Cursor"}
{"key":"s","timestamp":"2025-06-19T04:42:39India Standard Time","window":"keylogger.log - Keylogger - Cursor"}
{"key":"d","timestamp":"2025-06-19T04:42:39India Standard Time","window":"keylogger.log - Keylogger - Cursor"}
{"key":"a","timestamp":"2025-06-19T04:42:40India Standard Time","window":"keylogger.log - Keylogger - Cursor"}
{"key":"s","timestamp":"2025-06-19T04:42:40India Standard Time","window":"keylogger.log - Keylogger - Cursor"}
{"key":"d","timestamp":"2025-06-19T04:42:40India Standard Time","window":"keylogger.log - Keylogger - Cursor"}
{"key":"a","timestamp":"2025-06-19T04:42:40India Standard Time","window":"keylogger.log - Keylogger - Cursor"}
{"key":"s","timestamp":"2025-06-19T04:42:40India Standard Time","window":"keylogger.log - Keylogger - Cursor"}
{"key":"d","timestamp":"2025-06-19T04:42:40India Standard Time","window":"keylogger.log - Keylogger - Cursor"}
{"key":"a","timestamp":"2025-06-19T04:42:40India Standard Time","window":"keylogger.log - Keylogger - Cursor"}
{"key":"s","timestamp":"2025-06-19T04:42:40India Standard Time","window":"keylogger.log - Keylogger - Cursor"}
{"key":"d","timestamp":"2025-06-19T04:42:40India Standard Time","window":"keylogger.log - Keylogger - Cursor"}
{"key":"a","timestamp":"2025-06-19T04:42:41India Standard Time","window":"keylogger.log - Keylogger - Cursor"}
{"key":"s","timestamp":"2025-06-19T04:42:41India Standard Time","window":"keylogger.log - Keylogger - Cursor"}
{"key":"d","timestamp":"2025-06-19T04:42:41India Standard Time","window":"keylogger.log - Keylogger - Cursor"}
{"key":"a","timestamp":"2025-06-19T04:42:41India Standard Time","window":"keylogger.log - Keylogger - Cursor"}
{"key":"s","timestamp":"2025-06-19T04:42:41India Standard Time","window":"keylogger.log - Keylogger - Cursor"}
{"key":"d","timestamp":"2025-06-19T04:42:41India Standard Time","window":"keylogger.log - Keylogger - Cursor"}
{"key":"a","timestamp":"2025-06-19T04:42:41India Standard Time","window":"keylogger.log - Keylogger - Cursor"}
{"key":"s","timestamp":"2025-06-19T04:42:41India Standard Time","window":"keylogger.log - Keylogger - Cursor"}
{"key":"d","timestamp":"2025-06-19T04:42:41India Standard Time","window":"keylogger.log - Keylogger - Cursor"}
{"key":"a","timestamp":"2025-06-19T04:42:41India Standard Time","window":"keylogger.log - Keylogger - Cursor"}
{"key":"s","timestamp":"2025-06-19T04:42:42India Standard Time","window":"keylogger.log - Keylogger - Cursor"}
{"key":"d","timestamp":"2025-06-19T04:42:42India Standard Time","window":"keylogger.log - Keylogger - Cursor"}
{"key":"a","timestamp":"2025-06-19T04:42:42India Standard Time","window":"keylogger.log - Keylogger - Cursor"}
{"key":"s","timestamp":"2025-06-19T04:42:42India Standard Time","window":"keylogger.log - Keylogger - Cursor"}
{"key":"d","timestamp":"2025-06-19T04:42:42India Standard Time","window":"keylogger.log - Keylogger - Cursor"}
{"key":"a","timestamp":"2025-06-19T04:42:42India Standard Time","window":"keylogger.log - Keylogger - Cursor"}
{"key":"s","timestamp":"2025-06-19T04:42:42India Standard Time","window":"keylogger.log - Keylogger - Cursor"}
{"key":"d","timestamp":"2025-06-19T04:42:42India Standard Time","window":"keylogger.log - Keylogger - Cursor"}
{"key":"s","timestamp":"2025-06-19T04:42:42India Standard Time","window":"keylogger.log - Keylogger - Cursor"}
{"key":"a","timestamp":"2025-06-19T04:42:42India Standard Time","window":"keylogger.log - Keylogger - Cursor"}
{"key":"d","timestamp":"2025-06-19T04:42:43India Standard Time","window":"keylogger.log - Keylogger - Cursor"}
{"key":"s","timestamp":"2025-06-19T04:42:43India Standard Time","window":"keylogger.log - Keylogger - Cursor"}
{"key":"[LCONTROL]","timestamp":"2025-06-19T04:42:43India Standard Time","window":"keylogger.log - Keylogger - Cursor"}
{"key":"[LCONTROL]","timestamp":"2025-06-19T04:42:44India Standard Time","window":"keylogger.log - Keylogger - Cursor"}
{"key":"[LCONTROL]","timestamp":"2025-06-19T04:42:44India Standard Time","window":"keylogger.log - Keylogger - Cursor"}
{"key":"[LCONTROL]","timestamp":"2025-06-19T04:42:44India Standard Time","window":"keylogger.log - Keylogger - Cursor"}
{"key":"[LCONTROL]","timestamp":"2025-06-19T04:42:44India Standard Time","window":"keylogger.log - Keylogger - Cursor"}
{"key":"[LCONTROL]","timestamp":"2025-06-19T04:42:44India Standard Time","window":"keylogger.log - Keylogger - Cursor"}
{"key":"[LCONTROL]","timestamp":"2025-06-19T04:42:44India Standard Time","window":"keylogger.log - Keylogger - Cursor"}
{"key":"[LCONTROL]","timestamp":"2025-06-19T04:42:44India Standard Time","window":"keylogger.log - Keylogger - Cursor"}
{"key":"[LCONTROL]","timestamp":"2025-06-19T04:42:44India Standard Time","window":"keylogger.log - Keylogger - Cursor"}
{"key":"[LCONTROL]","timestamp":"2025-06-19T04:42:44India Standard Time","window":"keylogger.log - Keylogger - Cursor"}
{"key":"a","timestamp":"2025-06-19T04:42:44India Standard Time","window":"keylogger.log - Keylogger - Cursor"}
{"key":"[BACKSPACE]","timestamp":"2025-06-19T04:42:44India Standard Time","window":"keylogger.log - Keylogger - Cursor"}